---
source: crates/filecargo-tui/src/view_tests.rs
expression: "draw(&ui, &app)"
---
"                                                                               "
"                                                                               "
"                                                                               "
"                                                                               "
"                                                                               "
"                                                                               "
"                                                                               "
"                                                                               "
"                                                                               "
"                                                                               "
"                                                                               "
"                       terminal too small (needs 80x24)                        "
"                                                                               "
"                                                                               "
"                                                                               "
"                                                                               "
"                                                                               "
"                                                                               "
"                                                                               "
"                                                                               "
"                                                                               "
"                                                                               "
"                                                                               "
