---
source: crates/filecargo-tui/src/view_tests.rs
expression: "draw(&ui, &app)"
---
"┌ Servers ─────────────┐┌ Local ~/projects ────────────────────────────┐┌ Remote (authenticating prod-web…) ───────────┐"
"│▾ Personal            ││  Name                      Size   Modified   ││                                              │"
"│    blog              ││  ..                                          ││                                              │"
"│▾ Work                ││  docs/                            09-29 06:00││                                              │"
"│  ◌ prod-web          ││  src/                             09-28 10:00││                                              │"
"│    staging           ││  README.md                   2.1K 09-29 10:00││                                              │"
"│  home-nas            ││  notes.txt                    340 09-30 09:00││                                              │"
"│                      ││  big.iso                     1.5G 08-24 00:00││                                              │"
"│                      ││                                              ││                                              │"
"│                      ││                                              ││                                              │"
"│                      ││                                              ││                  Connecting…                 │"
"│                      ││                                              ││                                              │"
"│                      ││                                              ││                                              │"
"│                      ││                                              ││                                              │"
"│                      ││                                              ││                                              │"
"│                      ││                                              ││                                              │"
"│                      ││                                              ││                                              │"
"│                      ││                                              ││                                              │"
"│                      ││                                              ││                                              │"
"│                      ││                                              ││                                              │"
"└──────────────────────┘└──────────────────────────────────────────────┘└──────────────────────────────────────────────┘"
"┌ Queue (0) │ Completed (0) │ Failed (0) │ Log │ Terminal ─────────────────────────────────────────────────────────────┐"
"│                                                                                                                      │"
"│                                                                                                                      │"
"│                                                                                                                      │"
"│                                Nothing queued. Select files and press F5 to transfer.                                │"
"│                                                                                                                      │"
"│                                                                                                                      │"
"└──────────────────────────────────────────────────────────────────────────────────────────────────────────────────────┘"
" F5 upload · g go to · . dotfiles · s sort · F1 help · q quit                                                           "
